node.exe : - Generating browser application bundles (phase: setup)...
At line:1 char:1
+ & "C:\Program Files\nodejs/node.exe" "C:\Program Files\nodejs/node_mo ...
+ ~~~~~~~~~~~~~~~~~~~~~~~~~~~~~~~~~~~~~~~~~~~~~~~~~~~~~~~~~~~~~~~~~~~~~
    + CategoryInfo          : NotSpecified: (- Generating br...hase: setup)...:String) [], RemoteException
    + FullyQualifiedErrorId : NativeCommandError
 
ΓêÜ Browser application bundle generation complete.
ΓêÜ Browser application bundle generation complete.

Warning: src/app/modules/team-lead/dashboard/dashboard.component.html:54:44 - warning NG8107: The left side of this 
optional chain operation does not include 'null' or 'undefined' in its type, therefore the '?.' operator can be 
replaced with the '.' operator.

54                 <td>{{((req.justification?.length || 0) > 25) ? (req.justification | slice:0:25) + '...' : 
(req.justification || 'No reason provided')}}</td>
                                              ~~~~~~

  src/app/modules/team-lead/dashboard/dashboard.component.ts:12:16
    12   templateUrl: './dashboard.component.html',
                      ~~~~~~~~~~~~~~~~~~~~~~~~~~~~
    Error occurs in the template of component LeadDashboardComponent.




./src/app/modules/administrator/administrator.module.ts:13:0-78 - Error: Module not found: Error: Can't resolve 
'@angular/material/progress-spinner' in 'D:\AssetManagementSystem\AMS Final\src\app\modules\administrator'

./src/app/modules/administrator/administrator.module.ts:14:0-55 - Error: Module not found: Error: Can't resolve 
'@angular/material/icon' in 'D:\AssetManagementSystem\AMS Final\src\app\modules\administrator'

Error: src/app/modules/administrator/administrator.module.ts:13:42 - error TS2307: Cannot find module 
'@angular/material/progress-spinner' or its corresponding type declarations.

13 import { MatProgressSpinnerModule } from '@angular/material/progress-spinner';
                                            ~~~~~~~~~~~~~~~~~~~~~~~~~~~~~~~~~~~~


Error: src/app/modules/administrator/administrator.module.ts:14:31 - error TS2307: Cannot find module 
'@angular/material/icon' or its corresponding type declarations.

14 import { MatIconModule } from '@angular/material/icon';
                                 ~~~~~~~~~~~~~~~~~~~~~~~~


Error: src/app/modules/administrator/administrator.module.ts:33:12 - error NG1010: Value

Error: src/app/modules/administrator/asset-transaction/asset-transaction.component.html:10:5 - error NG8001: 
'app-stat-card' is not a known element:
1. If 'app-stat-card' is an Angular component, then verify that it is part of this module.
2. If 'app-stat-card' is a Web Component then add 'CUSTOM_ELEMENTS_SCHEMA' to the '@NgModule.schemas' of this 
component to suppress this message.

10     <app-stat-card label="Total Requests" [value]="totalTransactions" icon="assessment" 
color="blue"></app-stat-card>
       ~~~~~~~~~~~~~~~~~~~~~~~~~~~~~~~~~~~~~~~~~~~~~~~~~~~~~~~~~~~~~~~~~~~~~~~~~~~~~~~~~~~~~~~~~~~~~~~~~

  src/app/modules/administrator/asset-transaction/asset-transaction.component.ts:13:16
    13   templateUrl: './asset-transaction.component.html',
                      ~~~~~~~~~~~~~~~~~~~~~~~~~~~~~~~~~~~~
    Error occurs in the template of component AssetTransactionComponent.


Error: src/app/modules/administrator/asset-transaction/asset-transaction.component.html:10:43 - error NG8002: Can't 
bind to 'value' since it isn't a known property of 'app-stat-card'.
1. If 'app-stat-card' is an Angular component and it has 'value' input, then verify that it is part of this module.
2. If 'app-stat-card' is a Web Component then add 'CUSTOM_ELEMENTS_SCHEMA' to the '@NgModule.schemas' of this 
component to suppress this message.
3. To allow any property add 'NO_ERRORS_SCHEMA' to the '@NgModule.schemas' of this component.

10     <app-stat-card label="Total Requests" [value]="totalTransactions" icon="assessment" 
color="blue"></app-stat-card>
                                             ~~~~~~~~~~~~~~~~~~~~~~~~~~~

  src/app/modules/administrator/asset-transaction/asset-transaction.component.ts:13:16
    13   templateUrl: './asset-transaction.component.html',
                      ~~~~~~~~~~~~~~~~~~~~~~~~~~~~~~~~~~~~
    Error occurs in the template of component AssetTransactionComponent.


Error: src/app/modules/administrator/asset-transaction/asset-transaction.component.html:11:5 - error NG8001: 
'app-stat-card' is not a known element:
1. If 'app-stat-card' is an Angular component, then verify that it is part of this module.
2. If 'app-stat-card' is a Web Component then add 'CUSTOM_ELEMENTS_SCHEMA' to the '@NgModule.schemas' of this 
component to suppress this message.

11     <app-stat-card label="Pending Requests" [value]="pendingAllocations" icon="pending_actions" 
color="amber"></app-stat-card>
       ~~~~~~~~~~~~~~~~~~~~~~~~~~~~~~~~~~~~~~~~~~~~~~~~~~~~~~~~~~~~~~~~~~~~~~~~~~~~~~~~~~~~~~~~~~~~~~~~~~~~~~~~~~

  src/app/modules/administrator/asset-transaction/asset-transaction.component.ts:13:16
    13   templateUrl: './asset-transaction.component.html',
                      ~~~~~~~~~~~~~~~~~~~~~~~~~~~~~~~~~~~~
    Error occurs in the template of component AssetTransactionComponent.


Error: src/app/modules/administrator/asset-transaction/asset-transaction.component.html:11:45 - error NG8002: Can't 
bind to 'value' since it isn't a known property of 'app-stat-card'.
1. If 'app-stat-card' is an Angular component and it has 'value' input, then verify that it is part of this module.
2. If 'app-stat-card' is a Web Component then add 'CUSTOM_ELEMENTS_SCHEMA' to the '@NgModule.schemas' of this 
component to suppress this message.
3. To allow any property add 'NO_ERRORS_SCHEMA' to the '@NgModule.schemas' of this component.

11     <app-stat-card label="Pending Requests" [value]="pendingAllocations" icon="pending_actions" 
color="amber"></app-stat-card>
                                               ~~~~~~~~~~~~~~~~~~~~~~~~~~~~

  src/app/modules/administrator/asset-transaction/asset-transaction.component.ts:13:16
    13   templateUrl: './asset-transaction.component.html',
                      ~~~~~~~~~~~~~~~~~~~~~~~~~~~~~~~~~~~~
    Error occurs in the template of component AssetTransactionComponent.


Error: src/app/modules/administrator/asset-transaction/asset-transaction.component.html:12:5 - error NG8001: 
'app-stat-card' is not a known element:
1. If 'app-stat-card' is an Angular component, then verify that it is part of this module.
2. If 'app-stat-card' is a Web Component then add 'CUSTOM_ELEMENTS_SCHEMA' to the '@NgModule.schemas' of this 
component to suppress this message.

12     <app-stat-card label="Approved Requests" [value]="pendingReturns" icon="verified" 
color="purple"></app-stat-card>
       ~~~~~~~~~~~~~~~~~~~~~~~~~~~~~~~~~~~~~~~~~~~~~~~~~~~~~~~~~~~~~~~~~~~~~~~~~~~~~~~~~~~~~~~~~~~~~~~~~

  src/app/modules/administrator/asset-transaction/asset-transaction.component.ts:13:16
    13   templateUrl: './asset-transaction.component.html',
                      ~~~~~~~~~~~~~~~~~~~~~~~~~~~~~~~~~~~~
    Error occurs in the template of component AssetTransactionComponent.


Error: src/app/modules/administrator/asset-transaction/asset-transaction.component.html:12:46 - error NG8002: Can't 
bind to 'value' since it isn't a known property of 'app-stat-card'.
1. If 'app-stat-card' is an Angular component and it has 'value' input, then verify that it is part of this module.
2. If 'app-stat-card' is a Web Component then add 'CUSTOM_ELEMENTS_SCHEMA' to the '@NgModule.schemas' of this 
component to suppress this message.
3. To allow any property add 'NO_ERRORS_SCHEMA' to the '@NgModule.schemas' of this component.

12     <app-stat-card label="Approved Requests" [value]="pendingReturns" icon="verified" 
color="purple"></app-stat-card>
                                                ~~~~~~~~~~~~~~~~~~~~~~~~

  src/app/modules/administrator/asset-transaction/asset-transaction.component.ts:13:16
    13   templateUrl: './asset-transaction.component.html',
                      ~~~~~~~~~~~~~~~~~~~~~~~~~~~~~~~~~~~~
    Error occurs in the template of component AssetTransactionComponent.


Error: src/app/modules/administrator/asset-transaction/asset-transaction.component.html:13:5 - error NG8001: 
'app-stat-card' is not a known element:
1. If 'app-stat-card' is an Angular component, then verify that it is part of this module.
2. If 'app-stat-card' is a Web Component then add 'CUSTOM_ELEMENTS_SCHEMA' to the '@NgModule.schemas' of this 
component to suppress this message.

13     <app-stat-card label="Rejected" [value]="rejectedCount" icon="cancel" color="red"></app-stat-card>
       ~~~~~~~~~~~~~~~~~~~~~~~~~~~~~~~~~~~~~~~~~~~~~~~~~~~~~~~~~~~~~~~~~~~~~~~~~~~~~~~~~~

  src/app/modules/administrator/asset-transaction/asset-transaction.component.ts:13:16
    13   templateUrl: './asset-transaction.component.html',
                      ~~~~~~~~~~~~~~~~~~~~~~~~~~~~~~~~~~~~
    Error occurs in the template of component AssetTransactionComponent.


Error: src/app/modules/administrator/asset-transaction/asset-transaction.component.html:13:37 - error NG8002: Can't 
bind to 'value' since it isn't a known property of 'app-stat-card'.
1. If 'app-stat-card' is an Angular component and it has 'value' input, then verify that it is part of this module.
2. If 'app-stat-card' is a Web Component then add 'CUSTOM_ELEMENTS_SCHEMA' to the '@NgModule.schemas' of this 
component to suppress this message.
3. To allow any property add 'NO_ERRORS_SCHEMA' to the '@NgModule.schemas' of this component.

13     <app-stat-card label="Rejected" [value]="rejectedCount" icon="cancel" color="red"></app-stat-card>
                                       ~~~~~~~~~~~~~~~~~~~~~~~

  src/app/modules/administrator/asset-transaction/asset-transaction.component.ts:13:16
    13   templateUrl: './asset-transaction.component.html',
                      ~~~~~~~~~~~~~~~~~~~~~~~~~~~~~~~~~~~~
    Error occurs in the template of component AssetTransactionComponent.


Error: src/app/modules/administrator/asset-transaction/asset-transaction.component.html:24:11 - error NG8002: Can't 
bind to 'type' since it isn't a known property of 'canvas'.

24           [type]="'line'"
             ~~~~~~~~~~~~~~~

  src/app/modules/administrator/asset-transaction/asset-transaction.component.ts:13:16
    13   templateUrl: './asset-transaction.component.html',
                      ~~~~~~~~~~~~~~~~~~~~~~~~~~~~~~~~~~~~
    Error occurs in the template of component AssetTransactionComponent.


Error: src/app/modules/administrator/asset-transaction/asset-transaction.component.html:25:11 - error NG8002: Can't 
bind to 'data' since it isn't a known property of 'canvas'.

25           [data]="transactionTrendData"
             ~~~~~~~~~~~~~~~~~~~~~~~~~~~~~

  src/app/modules/administrator/asset-transaction/asset-transaction.component.ts:13:16
    13   templateUrl: './asset-transaction.component.html',
                      ~~~~~~~~~~~~~~~~~~~~~~~~~~~~~~~~~~~~
    Error occurs in the template of component AssetTransactionComponent.


Error: src/app/modules/administrator/asset-transaction/asset-transaction.component.html:26:11 - error NG8002: Can't 
bind to 'options' since it isn't a known property of 'canvas'.

26           [options]="transactionTrendOptions">
             ~~~~~~~~~~~~~~~~~~~~~~~~~~~~~~~~~~~

  src/app/modules/administrator/asset-transaction/asset-transaction.component.ts:13:16
    13   templateUrl: './asset-transaction.component.html',
                      ~~~~~~~~~~~~~~~~~~~~~~~~~~~~~~~~~~~~
    Error occurs in the template of component AssetTransactionComponent.


Error: src/app/modules/administrator/asset-transaction/asset-transaction.component.html:38:11 - error NG8002: Can't 
bind to 'type' since it isn't a known property of 'canvas'.

38           [type]="'doughnut'"
             ~~~~~~~~~~~~~~~~~~~

  src/app/modules/administrator/asset-transaction/asset-transaction.component.ts:13:16
    13   templateUrl: './asset-transaction.component.html',
                      ~~~~~~~~~~~~~~~~~~~~~~~~~~~~~~~~~~~~
    Error occurs in the template of component AssetTransactionComponent.


Error: src/app/modules/administrator/asset-transaction/asset-transaction.component.html:39:11 - error NG8002: Can't 
bind to 'data' since it isn't a known property of 'canvas'.

39           [data]="transactionStatusData"
             ~~~~~~~~~~~~~~~~~~~~~~~~~~~~~~

  src/app/modules/administrator/asset-transaction/asset-transaction.component.ts:13:16
    13   templateUrl: './asset-transaction.component.html',
                      ~~~~~~~~~~~~~~~~~~~~~~~~~~~~~~~~~~~~
    Error occurs in the template of component AssetTransactionComponent.


Error: src/app/modules/administrator/asset-transaction/asset-transaction.component.html:40:11 - error NG8002: Can't 
bind to 'options' since it isn't a known property of 'canvas'.

40           [options]="transactionStatusOptions">
             ~~~~~~~~~~~~~~~~~~~~~~~~~~~~~~~~~~~~

  src/app/modules/administrator/asset-transaction/asset-transaction.component.ts:13:16
    13   templateUrl: './asset-transaction.component.html',
                      ~~~~~~~~~~~~~~~~~~~~~~~~~~~~~~~~~~~~
    Error occurs in the template of component AssetTransactionComponent.


Error: src/app/modules/administrator/asset-transaction/asset-transaction.component.html:94:57 - error NG8004: No pipe 
found with name 'date'.

94             <td class="col-date">{{ request.createdAt | date:'mediumDate' }}</td>
                                                           ~~~~

  src/app/modules/administrator/asset-transaction/asset-transaction.component.ts:13:16
    13   templateUrl: './asset-transaction.component.html',
                      ~~~~~~~~~~~~~~~~~~~~~~~~~~~~~~~~~~~~
    Error occurs in the template of component AssetTransactionComponent.


Error: src/app/modules/administrator/asset-transaction/asset-transaction.component.html:96:35 - error NG8002: Can't 
bind to 'ngClass' since it isn't a known property of 'span'.

96               <span class="badge" [ngClass]="getStatusClass(request.status)">
                                     ~~~~~~~~~~~~~~~~~~~~~~~~~~~~~~~~~~~~~~~~~~

  src/app/modules/administrator/asset-transaction/asset-transaction.component.ts:13:16
    13   templateUrl: './asset-transaction.component.html',
                      ~~~~~~~~~~~~~~~~~~~~~~~~~~~~~~~~~~~~
    Error occurs in the template of component AssetTransactionComponent.


Error: src/app/modules/administrator/asset-transaction/asset-transaction.component.html:166:55 - error TS2531: Object 
is possibly 'null'.

166           <span class="value">{{ selectedTrackRequest.requestId }}</span>
                                                          ~~~~~~~~~

  src/app/modules/administrator/asset-transaction/asset-transaction.component.ts:13:16
    13   templateUrl: './asset-transaction.component.html',
                      ~~~~~~~~~~~~~~~~~~~~~~~~~~~~~~~~~~~~
    Error occurs in the template of component AssetTransactionComponent.


Error: src/app/modules/administrator/asset-transaction/asset-transaction.component.html:170:55 - error TS2531: Object 
is possibly 'null'.

170           <span class="value">{{ selectedTrackRequest.userName }}</span>
                                                          ~~~~~~~~

  src/app/modules/administrator/asset-transaction/asset-transaction.component.ts:13:16
    13   templateUrl: './asset-transaction.component.html',
                      ~~~~~~~~~~~~~~~~~~~~~~~~~~~~~~~~~~~~
    Error occurs in the template of component AssetTransactionComponent.


Error: src/app/modules/administrator/asset-transaction/asset-transaction.component.html:174:81 - error TS2531: Object 
is possibly 'null'.

174           <span class="value status-val">{{ getStatusLabel(selectedTrackRequest.status) }}</span>
                                                                                    ~~~~~~

  src/app/modules/administrator/asset-transaction/asset-transaction.component.ts:13:16
    13   templateUrl: './asset-transaction.component.html',
                      ~~~~~~~~~~~~~~~~~~~~~~~~~~~~~~~~~~~~
    Error occurs in the template of component AssetTransactionComponent.


Error: src/app/modules/administrator/asset-transaction/asset-transaction.component.html:180:37 - error TS2531: Object 
is possibly 'null'.

180             {{ selectedTrackRequest.reason || 'No reason provided' }}
                                        ~~~~~~

  src/app/modules/administrator/asset-transaction/asset-transaction.component.ts:13:16
    13   templateUrl: './asset-transaction.component.html',
                      ~~~~~~~~~~~~~~~~~~~~~~~~~~~~~~~~~~~~
    Error occurs in the template of component AssetTransactionComponent.


Error: src/app/modules/administrator/asset-transaction/asset-transaction.component.html:216:47 - error NG8002: Can't 
bind to 'ngClass' since it isn't a known property of 'span'.

216               <span class="step-status-badge" [ngClass]="{
                                                  ~~~~~~~~~~~~
217                 'badge-approved': step.status === 'Approved' || step.status === 'Completed',
    ~~~~~~~~~~~~~~~~~~~~~~~~~~~~~~~~~~~~~~~~~~~~~~~~~~~~~~~~~~~~~~~~~~~~~~~~~~~~~~~~~~~~~~~~~~~~
... 
219                 'badge-rejected': step.status === 'Rejected'
    ~~~~~~~~~~~~~~~~~~~~~~~~~~~~~~~~~~~~~~~~~~~~~~~~~~~~~~~~~~~~
220               }">{{ step.status }}</span>
    ~~~~~~~~~~~~~~~~

  src/app/modules/administrator/asset-transaction/asset-transaction.component.ts:13:16
    13   templateUrl: './asset-transaction.component.html',
                      ~~~~~~~~~~~~~~~~~~~~~~~~~~~~~~~~~~~~
    Error occurs in the template of component AssetTransactionComponent.


Error: src/app/modules/administrator/asset-transaction/asset-transaction.component.html:226:63 - error NG8004: No pipe 
found with name 'date'.

226                 <span class="detail-text">{{ step.timestamp | date:'medium' }}</span>
                                                                  ~~~~

  src/app/modules/administrator/asset-transaction/asset-transaction.component.ts:13:16
    13   templateUrl: './asset-transaction.component.html',
                      ~~~~~~~~~~~~~~~~~~~~~~~~~~~~~~~~~~~~
    Error occurs in the template of component AssetTransactionComponent.


Error: src/app/modules/administrator/dashboard/dashboard.component.html:3:5 - error NG8001: 'app-stat-card' is not a 
known element:
1. If 'app-stat-card' is an Angular component, then verify that it is part of this module.
2. If 'app-stat-card' is a Web Component then add 'CUSTOM_ELEMENTS_SCHEMA' to the '@NgModule.schemas' of this 
component to suppress this message.

3     <app-stat-card label="Total Users" [value]="userStats.total" icon="group" color="blue"></app-stat-card>
      ~~~~~~~~~~~~~~~~~~~~~~~~~~~~~~~~~~~~~~~~~~~~~~~~~~~~~~~~~~~~~~~~~~~~~~~~~~~~~~~~~~~~~~~

  src/app/modules/administrator/dashboard/dashboard.component.ts:11:16
    11   templateUrl: './dashboard.component.html',
                      ~~~~~~~~~~~~~~~~~~~~~~~~~~~~
    Error occurs in the template of component AdminDashboardComponent.


Error: src/app/modules/administrator/dashboard/dashboard.component.html:3:40 - error NG8002: Can't bind to 'value' 
since it isn't a known property of 'app-stat-card'.
1. If 'app-stat-card' is an Angular component and it has 'value' input, then verify that it is part of this module.
2. If 'app-stat-card' is a Web Component then add 'CUSTOM_ELEMENTS_SCHEMA' to the '@NgModule.schemas' of this 
component to suppress this message.
3. To allow any property add 'NO_ERRORS_SCHEMA' to the '@NgModule.schemas' of this component.

3     <app-stat-card label="Total Users" [value]="userStats.total" icon="group" color="blue"></app-stat-card>
                                         ~~~~~~~~~~~~~~~~~~~~~~~~~

  src/app/modules/administrator/dashboard/dashboard.component.ts:11:16
    11   templateUrl: './dashboard.component.html',
                      ~~~~~~~~~~~~~~~~~~~~~~~~~~~~
    Error occurs in the template of component AdminDashboardComponent.


Error: src/app/modules/administrator/dashboard/dashboard.component.html:4:5 - error NG8001: 'app-stat-card' is not a 
known element:
1. If 'app-stat-card' is an Angular component, then verify that it is part of this module.
2. If 'app-stat-card' is a Web Component then add 'CUSTOM_ELEMENTS_SCHEMA' to the '@NgModule.schemas' of this 
component to suppress this message.

4     <app-stat-card label="Total Assets" [value]="assetStats.total" icon="inventory_2" color="green"></app-stat-card>
      ~~~~~~~~~~~~~~~~~~~~~~~~~~~~~~~~~~~~~~~~~~~~~~~~~~~~~~~~~~~~~~~~~~~~~~~~~~~~~~~~~~~~~~~~~~~~~~~~

  src/app/modules/administrator/dashboard/dashboard.component.ts:11:16
    11   templateUrl: './dashboard.component.html',
                      ~~~~~~~~~~~~~~~~~~~~~~~~~~~~
    Error occurs in the template of component AdminDashboardComponent.


Error: src/app/modules/administrator/dashboard/dashboard.component.html:4:41 - error NG8002: Can't bind to 'value' 
since it isn't a known property of 'app-stat-card'.
1. If 'app-stat-card' is an Angular component and it has 'value' input, then verify that it is part of this module.
2. If 'app-stat-card' is a Web Component then add 'CUSTOM_ELEMENTS_SCHEMA' to the '@NgModule.schemas' of this 
component to suppress this message.
3. To allow any property add 'NO_ERRORS_SCHEMA' to the '@NgModule.schemas' of this component.

4     <app-stat-card label="Total Assets" [value]="assetStats.total" icon="inventory_2" color="green"></app-stat-card>
                                          ~~~~~~~~~~~~~~~~~~~~~~~~~~

  src/app/modules/administrator/dashboard/dashboard.component.ts:11:16
    11   templateUrl: './dashboard.component.html',
                      ~~~~~~~~~~~~~~~~~~~~~~~~~~~~
    Error occurs in the template of component AdminDashboardComponent.


Error: src/app/modules/administrator/dashboard/dashboard.component.html:5:5 - error NG8001: 'app-stat-card' is not a 
known element:
1. If 'app-stat-card' is an Angular component, then verify that it is part of this module.
2. If 'app-stat-card' is a Web Component then add 'CUSTOM_ELEMENTS_SCHEMA' to the '@NgModule.schemas' of this 
component to suppress this message.

5     <app-stat-card label="Active Requests" [value]="reqStats.pending" icon="pending_actions"
      ~~~~~~~~~~~~~~~~~~~~~~~~~~~~~~~~~~~~~~~~~~~~~~~~~~~~~~~~~~~~~~~~~~~~~~~~~~~~~~~~~~~~~~~~
6       color="amber"></app-stat-card>
  ~~~~~~~~~~~~~~~~~~~~

  src/app/modules/administrator/dashboard/dashboard.component.ts:11:16
    11   templateUrl: './dashboard.component.html',
                      ~~~~~~~~~~~~~~~~~~~~~~~~~~~~
    Error occurs in the template of component AdminDashboardComponent.


Error: src/app/modules/administrator/dashboard/dashboard.component.html:5:44 - error NG8002: Can't bind to 'value' 
since it isn't a known property of 'app-stat-card'.
1. If 'app-stat-card' is an Angular component and it has 'value' input, then verify that it is part of this module.
2. If 'app-stat-card' is a Web Component then add 'CUSTOM_ELEMENTS_SCHEMA' to the '@NgModule.schemas' of this 
component to suppress this message.
3. To allow any property add 'NO_ERRORS_SCHEMA' to the '@NgModule.schemas' of this component.

5     <app-stat-card label="Active Requests" [value]="reqStats.pending" icon="pending_actions"
                                             ~~~~~~~~~~~~~~~~~~~~~~~~~~

  src/app/modules/administrator/dashboard/dashboard.component.ts:11:16
    11   templateUrl: './dashboard.component.html',
                      ~~~~~~~~~~~~~~~~~~~~~~~~~~~~
    Error occurs in the template of component AdminDashboardComponent.


Error: src/app/modules/administrator/dashboard/dashboard.component.html:7:5 - error NG8001: 'app-stat-card' is not a 
known element:
1. If 'app-stat-card' is an Angular component, then verify that it is part of this module.
2. If 'app-stat-card' is a Web Component then add 'CUSTOM_ELEMENTS_SCHEMA' to the '@NgModule.schemas' of this 
component to suppress this message.

7     <app-stat-card label="Active Projects" [value]="activeProjects" icon="folder_open" 
color="purple"></app-stat-card>
      ~~~~~~~~~~~~~~~~~~~~~~~~~~~~~~~~~~~~~~~~~~~~~~~~~~~~~~~~~~~~~~~~~~~~~~~~~~~~~~~~~~~~~~~~~~~~~~~~~~

  src/app/modules/administrator/dashboard/dashboard.component.ts:11:16
    11   templateUrl: './dashboard.component.html',
                      ~~~~~~~~~~~~~~~~~~~~~~~~~~~~
    Error occurs in the template of component AdminDashboardComponent.


Error: src/app/modules/administrator/dashboard/dashboard.component.html:7:44 - error NG8002: Can't bind to 'value' 
since it isn't a known property of 'app-stat-card'.
1. If 'app-stat-card' is an Angular component and it has 'value' input, then verify that it is part of this module.
2. If 'app-stat-card' is a Web Component then add 'CUSTOM_ELEMENTS_SCHEMA' to the '@NgModule.schemas' of this 
component to suppress this message.
3. To allow any property add 'NO_ERRORS_SCHEMA' to the '@NgModule.schemas' of this component.

7     <app-stat-card label="Active Projects" [value]="activeProjects" icon="folder_open" 
color="purple"></app-stat-card>
                                             ~~~~~~~~~~~~~~~~~~~~~~~~

  src/app/modules/administrator/dashboard/dashboard.component.ts:11:16
    11   templateUrl: './dashboard.component.html',
                      ~~~~~~~~~~~~~~~~~~~~~~~~~~~~
    Error occurs in the template of component AdminDashboardComponent.


Error: src/app/modules/administrator/dashboard/dashboard.component.html:19:11 - error NG8002: Can't bind to 'type' 
since it isn't a known property of 'canvas'.

19           [type]="assetStatusChartType"
             ~~~~~~~~~~~~~~~~~~~~~~~~~~~~~

  src/app/modules/administrator/dashboard/dashboard.component.ts:11:16
    11   templateUrl: './dashboard.component.html',
                      ~~~~~~~~~~~~~~~~~~~~~~~~~~~~
    Error occurs in the template of component AdminDashboardComponent.


Error: src/app/modules/administrator/dashboard/dashboard.component.html:20:11 - error NG8002: Can't bind to 'data' 
since it isn't a known property of 'canvas'.

20           [data]="assetStatusChartData"
             ~~~~~~~~~~~~~~~~~~~~~~~~~~~~~

  src/app/modules/administrator/dashboard/dashboard.component.ts:11:16
    11   templateUrl: './dashboard.component.html',
                      ~~~~~~~~~~~~~~~~~~~~~~~~~~~~
    Error occurs in the template of component AdminDashboardComponent.


Error: src/app/modules/administrator/dashboard/dashboard.component.html:21:11 - error NG8002: Can't bind to 'options' 
since it isn't a known property of 'canvas'.

21           [options]="assetStatusChartOptions">
             ~~~~~~~~~~~~~~~~~~~~~~~~~~~~~~~~~~~

  src/app/modules/administrator/dashboard/dashboard.component.ts:11:16
    11   templateUrl: './dashboard.component.html',
                      ~~~~~~~~~~~~~~~~~~~~~~~~~~~~
    Error occurs in the template of component AdminDashboardComponent.


Error: src/app/modules/administrator/dashboard/dashboard.component.html:34:11 - error NG8002: Can't bind to 'type' 
since it isn't a known property of 'canvas'.

34           [type]="requestTrendChartType"
             ~~~~~~~~~~~~~~~~~~~~~~~~~~~~~~

  src/app/modules/administrator/dashboard/dashboard.component.ts:11:16
    11   templateUrl: './dashboard.component.html',
                      ~~~~~~~~~~~~~~~~~~~~~~~~~~~~
    Error occurs in the template of component AdminDashboardComponent.


Error: src/app/modules/administrator/dashboard/dashboard.component.html:35:11 - error NG8002: Can't bind to 'data' 
since it isn't a known property of 'canvas'.

35           [data]="requestTrendChartData"
             ~~~~~~~~~~~~~~~~~~~~~~~~~~~~~~

  src/app/modules/administrator/dashboard/dashboard.component.ts:11:16
    11   templateUrl: './dashboard.component.html',
                      ~~~~~~~~~~~~~~~~~~~~~~~~~~~~
    Error occurs in the template of component AdminDashboardComponent.


Error: src/app/modules/administrator/dashboard/dashboard.component.html:36:11 - error NG8002: Can't bind to 'options' 
since it isn't a known property of 'canvas'.

36           [options]="requestTrendChartOptions">
             ~~~~~~~~~~~~~~~~~~~~~~~~~~~~~~~~~~~~

  src/app/modules/administrator/dashboard/dashboard.component.ts:11:16
    11   templateUrl: './dashboard.component.html',
                      ~~~~~~~~~~~~~~~~~~~~~~~~~~~~
    Error occurs in the template of component AdminDashboardComponent.


Error: src/app/modules/administrator/dashboard/dashboard.component.html:49:11 - error NG8002: Can't bind to 'type' 
since it isn't a known property of 'canvas'.

49           [type]="assetCategoryChartType"
             ~~~~~~~~~~~~~~~~~~~~~~~~~~~~~~~

  src/app/modules/administrator/dashboard/dashboard.component.ts:11:16
    11   templateUrl: './dashboard.component.html',
                      ~~~~~~~~~~~~~~~~~~~~~~~~~~~~
    Error occurs in the template of component AdminDashboardComponent.


Error: src/app/modules/administrator/dashboard/dashboard.component.html:50:11 - error NG8002: Can't bind to 'data' 
since it isn't a known property of 'canvas'.

50           [data]="assetCategoryChartData"
             ~~~~~~~~~~~~~~~~~~~~~~~~~~~~~~~

  src/app/modules/administrator/dashboard/dashboard.component.ts:11:16
    11   templateUrl: './dashboard.component.html',
                      ~~~~~~~~~~~~~~~~~~~~~~~~~~~~
    Error occurs in the template of component AdminDashboardComponent.


Error: src/app/modules/administrator/dashboard/dashboard.component.html:51:11 - error NG8002: Can't bind to 'options' 
since it isn't a known property of 'canvas'.

51           [options]="assetCategoryChartOptions">
             ~~~~~~~~~~~~~~~~~~~~~~~~~~~~~~~~~~~~~

  src/app/modules/administrator/dashboard/dashboard.component.ts:11:16
    11   templateUrl: './dashboard.component.html',
                      ~~~~~~~~~~~~~~~~~~~~~~~~~~~~
    Error occurs in the template of component AdminDashboardComponent.


Error: src/app/modules/administrator/dashboard/dashboard.component.html:64:11 - error NG8002: Can't bind to 'type' 
since it isn't a known property of 'canvas'.

64           [type]="userRoleChartType"
             ~~~~~~~~~~~~~~~~~~~~~~~~~~

  src/app/modules/administrator/dashboard/dashboard.component.ts:11:16
    11   templateUrl: './dashboard.component.html',
                      ~~~~~~~~~~~~~~~~~~~~~~~~~~~~
    Error occurs in the template of component AdminDashboardComponent.


Error: src/app/modules/administrator/dashboard/dashboard.component.html:65:11 - error NG8002: Can't bind to 'data' 
since it isn't a known property of 'canvas'.

65           [data]="userRoleChartData"
             ~~~~~~~~~~~~~~~~~~~~~~~~~~

  src/app/modules/administrator/dashboard/dashboard.component.ts:11:16
    11   templateUrl: './dashboard.component.html',
                      ~~~~~~~~~~~~~~~~~~~~~~~~~~~~
    Error occurs in the template of component AdminDashboardComponent.


Error: src/app/modules/administrator/dashboard/dashboard.component.html:66:11 - error NG8002: Can't bind to 'options' 
since it isn't a known property of 'canvas'.

66           [options]="userRoleChartOptions">
             ~~~~~~~~~~~~~~~~~~~~~~~~~~~~~~~~

  src/app/modules/administrator/dashboard/dashboard.component.ts:11:16
    11   templateUrl: './dashboard.component.html',
                      ~~~~~~~~~~~~~~~~~~~~~~~~~~~~
    Error occurs in the template of component AdminDashboardComponent.


Error: src/app/modules/administrator/master-data/master-data.component.html:10:5 - error NG8001: 'app-stat-card' is 
not a known element:
1. If 'app-stat-card' is an Angular component, then verify that it is part of this module.
2. If 'app-stat-card' is a Web Component then add 'CUSTOM_ELEMENTS_SCHEMA' to the '@NgModule.schemas' of this 
component to suppress this message.

 10     <app-stat-card
        ~~~~~~~~~~~~~~
 11       *ngFor="let card of summaryCards"
    ~~~~~~~~~~~~~~~~~~~~~~~~~~~~~~~~~~~~~~~
... 
 14       [icon]="card.icon"
    ~~~~~~~~~~~~~~~~~~~~~~~~
 15       [color]="card.color">
    ~~~~~~~~~~~~~~~~~~~~~~~~~~~

  src/app/modules/administrator/master-data/master-data.component.ts:41:16
    41   templateUrl: './master-data.component.html',
                      ~~~~~~~~~~~~~~~~~~~~~~~~~~~~~~
    Error occurs in the template of component MasterDataComponent.


Error: src/app/modules/administrator/master-data/master-data.component.html:12:7 - error NG8002: Can't bind to 'label' 
since it isn't a known property of 'app-stat-card'.
1. If 'app-stat-card' is an Angular component and it has 'label' input, then verify that it is part of this module.
2. If 'app-stat-card' is a Web Component then add 'CUSTOM_ELEMENTS_SCHEMA' to the '@NgModule.schemas' of this 
component to suppress this message.
3. To allow any property add 'NO_ERRORS_SCHEMA' to the '@NgModule.schemas' of this component.

12       [label]="card.label"
         ~~~~~~~~~~~~~~~~~~~~

  src/app/modules/administrator/master-data/master-data.component.ts:41:16
    41   templateUrl: './master-data.component.html',
                      ~~~~~~~~~~~~~~~~~~~~~~~~~~~~~~
    Error occurs in the template of component MasterDataComponent.


Error: src/app/modules/administrator/master-data/master-data.component.html:13:7 - error NG8002: Can't bind to 'value' 
since it isn't a known property of 'app-stat-card'.
1. If 'app-stat-card' is an Angular component and it has 'value' input, then verify that it is part of this module.
2. If 'app-stat-card' is a Web Component then add 'CUSTOM_ELEMENTS_SCHEMA' to the '@NgModule.schemas' of this 
component to suppress this message.
3. To allow any property add 'NO_ERRORS_SCHEMA' to the '@NgModule.schemas' of this component.

13       [value]="card.value"
         ~~~~~~~~~~~~~~~~~~~~

  src/app/modules/administrator/master-data/master-data.component.ts:41:16
    41   templateUrl: './master-data.component.html',
                      ~~~~~~~~~~~~~~~~~~~~~~~~~~~~~~
    Error occurs in the template of component MasterDataComponent.


Error: src/app/modules/administrator/master-data/master-data.component.html:14:7 - error NG8002: Can't bind to 'icon' 
since it isn't a known property of 'app-stat-card'.
1. If 'app-stat-card' is an Angular component and it has 'icon' input, then verify that it is part of this module.
2. If 'app-stat-card' is a Web Component then add 'CUSTOM_ELEMENTS_SCHEMA' to the '@NgModule.schemas' of this 
component to suppress this message.
3. To allow any property add 'NO_ERRORS_SCHEMA' to the '@NgModule.schemas' of this component.

14       [icon]="card.icon"
         ~~~~~~~~~~~~~~~~~~

  src/app/modules/administrator/master-data/master-data.component.ts:41:16
    41   templateUrl: './master-data.component.html',
                      ~~~~~~~~~~~~~~~~~~~~~~~~~~~~~~
    Error occurs in the template of component MasterDataComponent.


Error: src/app/modules/administrator/master-data/master-data.component.html:15:7 - error NG8002: Can't bind to 'color' 
since it isn't a known property of 'app-stat-card'.
1. If 'app-stat-card' is an Angular component and it has 'color' input, then verify that it is part of this module.
2. If 'app-stat-card' is a Web Component then add 'CUSTOM_ELEMENTS_SCHEMA' to the '@NgModule.schemas' of this 
component to suppress this message.
3. To allow any property add 'NO_ERRORS_SCHEMA' to the '@NgModule.schemas' of this component.

15       [color]="card.color">
         ~~~~~~~~~~~~~~~~~~~~

  src/app/modules/administrator/master-data/master-data.component.ts:41:16
    41   templateUrl: './master-data.component.html',
                      ~~~~~~~~~~~~~~~~~~~~~~~~~~~~~~
    Error occurs in the template of component MasterDataComponent.


Error: src/app/modules/administrator/master-data/master-data.component.html:55:17 - error NG8002: Can't bind to 'data' 
since it isn't a known property of 'canvas'.

55                 [data]="assetDoughnutChartData"
                   ~~~~~~~~~~~~~~~~~~~~~~~~~~~~~~~

  src/app/modules/administrator/master-data/master-data.component.ts:41:16
    41   templateUrl: './master-data.component.html',
                      ~~~~~~~~~~~~~~~~~~~~~~~~~~~~~~
    Error occurs in the template of component MasterDataComponent.


Error: src/app/modules/administrator/master-data/master-data.component.html:56:17 - error NG8002: Can't bind to 
'options' since it isn't a known property of 'canvas'.

56                 [options]="assetDoughnutChartOptions"
                   ~~~~~~~~~~~~~~~~~~~~~~~~~~~~~~~~~~~~~

  src/app/modules/administrator/master-data/master-data.component.ts:41:16
    41   templateUrl: './master-data.component.html',
                      ~~~~~~~~~~~~~~~~~~~~~~~~~~~~~~
    Error occurs in the template of component MasterDataComponent.


Error: src/app/modules/administrator/master-data/master-data.component.html:57:17 - error NG8002: Can't bind to 'type' 
since it isn't a known property of 'canvas'.

57                 [type]="'doughnut'">
                   ~~~~~~~~~~~~~~~~~~~

  src/app/modules/administrator/master-data/master-data.component.ts:41:16
    41   templateUrl: './master-data.component.html',
                      ~~~~~~~~~~~~~~~~~~~~~~~~~~~~~~
    Error occurs in the template of component MasterDataComponent.


Error: src/app/modules/administrator/master-data/master-data.component.html:104:53 - error NG8002: Can't bind to 
'ngModel' since it isn't a known property of 'select'.

104           <select class="form-control asset-filter" [(ngModel)]="selectedSubCategoryTypeFilter" 
(ngModelChange)="filterSubcategories()">
                                                        ~~~~~~~~~~~~~~~~~~~~~~~~~~~~~~~~~~~~~~~~~~~

  src/app/modules/administrator/master-data/master-data.component.ts:41:16
    41   templateUrl: './master-data.component.html',
                      ~~~~~~~~~~~~~~~~~~~~~~~~~~~~~~
    Error occurs in the template of component MasterDataComponent.


Error: src/app/modules/administrator/master-data/master-data.component.html:104:66 - error TS2322: Type 'Event' is not 
assignable to type 'string'.

104           <select class="form-control asset-filter" [(ngModel)]="selectedSubCategoryTypeFilter" 
(ngModelChange)="filterSubcategories()">
                                                                     ~~~~~~~~~~~~~~~~~~~~~~~~~~~~~~~~~~~~~

  src/app/modules/administrator/master-data/master-data.component.ts:41:16
    41   templateUrl: './master-data.component.html',
                      ~~~~~~~~~~~~~~~~~~~~~~~~~~~~~~
    Error occurs in the template of component MasterDataComponent.


Error: src/app/modules/administrator/master-data/master-data.component.html:133:41 - error NG8002: Can't bind to 
'ngClass' since it isn't a known property of 'span'.

133                 <td><span class="badge" [ngClass]="getTypeBadgeClass(sub.type)">{{ sub.type }}</span></td>
                                            ~~~~~~~~~~~~~~~~~~~~~~~~~~~~~~~~~~~~~~~

  src/app/modules/administrator/master-data/master-data.component.ts:41:16
    41   templateUrl: './master-data.component.html',
                      ~~~~~~~~~~~~~~~~~~~~~~~~~~~~~~
    Error occurs in the template of component MasterDataComponent.


Error: src/app/modules/administrator/master-data/master-data.component.html:166:53 - error NG8002: Can't bind to 
'ngModel' since it isn't a known property of 'select'.

166           <select class="form-control asset-filter" [(ngModel)]="selectedAssetType" 
(ngModelChange)="filterAssets()">
                                                        ~~~~~~~~~~~~~~~~~~~~~~~~~~~~~~~

  src/app/modules/administrator/master-data/master-data.component.ts:41:16
    41   templateUrl: './master-data.component.html',
                      ~~~~~~~~~~~~~~~~~~~~~~~~~~~~~~
    Error occurs in the template of component MasterDataComponent.


Error: src/app/modules/administrator/master-data/master-data.component.html:166:66 - error TS2322: Type 'Event' is not 
assignable to type 'string'.

166           <select class="form-control asset-filter" [(ngModel)]="selectedAssetType" 
(ngModelChange)="filterAssets()">
                                                                     ~~~~~~~~~~~~~~~~~~~~~~~~~

  src/app/modules/administrator/master-data/master-data.component.ts:41:16
    41   templateUrl: './master-data.component.html',
                      ~~~~~~~~~~~~~~~~~~~~~~~~~~~~~~
    Error occurs in the template of component MasterDataComponent.


Error: src/app/modules/administrator/master-data/master-data.component.html:170:53 - error NG8002: Can't bind to 
'ngModel' since it isn't a known property of 'select'.

170           <select class="form-control asset-filter" [(ngModel)]="selectedAssetSubCategory" 
(ngModelChange)="filterAssets()">
                                                        ~~~~~~~~~~~~~~~~~~~~~~~~~~~~~~~~~~~~~~

  src/app/modules/administrator/master-data/master-data.component.ts:41:16
    41   templateUrl: './master-data.component.html',
                      ~~~~~~~~~~~~~~~~~~~~~~~~~~~~~~
    Error occurs in the template of component MasterDataComponent.


Error: src/app/modules/administrator/master-data/master-data.component.html:170:66 - error TS2322: Type 'Event' is not 
assignable to type 'string'.

170           <select class="form-control asset-filter" [(ngModel)]="selectedAssetSubCategory" 
(ngModelChange)="filterAssets()">
                                                                     ~~~~~~~~~~~~~~~~~~~~~~~~~~~~~~~~

  src/app/modules/administrator/master-data/master-data.component.ts:41:16
    41   templateUrl: './master-data.component.html',
                      ~~~~~~~~~~~~~~~~~~~~~~~~~~~~~~
    Error occurs in the template of component MasterDataComponent.


Error: src/app/modules/administrator/master-data/master-data.component.html:174:53 - error NG8002: Can't bind to 
'ngModel' since it isn't a known property of 'select'.

174           <select class="form-control asset-filter" [(ngModel)]="selectedAssetStatus" 
(ngModelChange)="filterAssets()">
                                                        ~~~~~~~~~~~~~~~~~~~~~~~~~~~~~~~~~

  src/app/modules/administrator/master-data/master-data.component.ts:41:16
    41   templateUrl: './master-data.component.html',
                      ~~~~~~~~~~~~~~~~~~~~~~~~~~~~~~
    Error occurs in the template of component MasterDataComponent.


Error: src/app/modules/administrator/master-data/master-data.component.html:174:66 - error TS2322: Type 'Event' is not 
assignable to type 'string'.

174           <select class="form-control asset-filter" [(ngModel)]="selectedAssetStatus" 
(ngModelChange)="filterAssets()">
                                                                     ~~~~~~~~~~~~~~~~~~~~~~~~~~~

  src/app/modules/administrator/master-data/master-data.component.ts:41:16
    41   templateUrl: './master-data.component.html',
                      ~~~~~~~~~~~~~~~~~~~~~~~~~~~~~~
    Error occurs in the template of component MasterDataComponent.


Error: src/app/modules/administrator/master-data/master-data.component.html:204:41 - error NG8002: Can't bind to 
'ngClass' since it isn't a known property of 'span'.

204                 <td><span class="badge" [ngClass]="getTypeBadgeClass(asset.type)">{{ asset.type }}</span></td>
                                            ~~~~~~~~~~~~~~~~~~~~~~~~~~~~~~~~~~~~~~~~~

  src/app/modules/administrator/master-data/master-data.component.ts:41:16
    41   templateUrl: './master-data.component.html',
                      ~~~~~~~~~~~~~~~~~~~~~~~~~~~~~~
    Error occurs in the template of component MasterDataComponent.


Error: src/app/modules/administrator/master-data/master-data.component.html:206:41 - error NG8002: Can't bind to 
'ngClass' since it isn't a known property of 'span'.

206                 <td><span class="badge" [ngClass]="getStatusBadgeClass(asset.status)">{{ 
formatAssetStatus(asset.status) }}</span></td>
                                            ~~~~~~~~~~~~~~~~~~~~~~~~~~~~~~~~~~~~~~~~~~~~~

  src/app/modules/administrator/master-data/master-data.component.ts:41:16
    41   templateUrl: './master-data.component.html',
                      ~~~~~~~~~~~~~~~~~~~~~~~~~~~~~~
    Error occurs in the template of component MasterDataComponent.


Error: src/app/modules/administrator/master-data/master-data.component.html:207:47 - error NG8004: No pipe found with 
name 'date'.

207                 <td>{{ asset.warrantyExpiry | date:'mediumDate' }}</td>
                                                  ~~~~

  src/app/modules/administrator/master-data/master-data.component.ts:41:16
    41   templateUrl: './master-data.component.html',
                      ~~~~~~~~~~~~~~~~~~~~~~~~~~~~~~
    Error occurs in the template of component MasterDataComponent.


Error: src/app/modules/administrator/master-data/master-data.component.html:208:45 - error NG8004: No pipe found with 
name 'date'.

208                 <td>{{ asset.purchaseDate | date:'mediumDate' }}</td>
                                                ~~~~

  src/app/modules/administrator/master-data/master-data.component.ts:41:16
    41   templateUrl: './master-data.component.html',
                      ~~~~~~~~~~~~~~~~~~~~~~~~~~~~~~
    Error occurs in the template of component MasterDataComponent.


Error: src/app/modules/administrator/master-data/master-data.component.html:272:40 - error NG8002: Can't bind to 
'ngModel' since it isn't a known property of 'select'.

272           <select class="form-control" [(ngModel)]="newAsset.type" (ngModelChange)="onAssetTypeChange($event)">
                                           ~~~~~~~~~~~~~~~~~~~~~~~~~~~

  src/app/modules/administrator/master-data/master-data.component.ts:41:16
    41   templateUrl: './master-data.component.html',
                      ~~~~~~~~~~~~~~~~~~~~~~~~~~~~~~
    Error occurs in the template of component MasterDataComponent.


Error: src/app/modules/administrator/master-data/master-data.component.html:272:53 - error TS2322: Type 'Event' is not 
assignable to type 'string'.

272           <select class="form-control" [(ngModel)]="newAsset.type" (ngModelChange)="onAssetTypeChange($event)">
                                                        ~~~~~~~~~~~~~~~~~~~~~

  src/app/modules/administrator/master-data/master-data.component.ts:41:16
    41   templateUrl: './master-data.component.html',
                      ~~~~~~~~~~~~~~~~~~~~~~~~~~~~~~
    Error occurs in the template of component MasterDataComponent.


Error: src/app/modules/administrator/master-data/master-data.component.html:272:103 - error TS2345: Argument of type 
'Event' is not assignable to parameter of type '"" | AssetType'.

272           <select class="form-control" [(ngModel)]="newAsset.type" (ngModelChange)="onAssetTypeChange($event)">
                                                                                                          ~~~~~~

  src/app/modules/administrator/master-data/master-data.component.ts:41:16
    41   templateUrl: './master-data.component.html',
                      ~~~~~~~~~~~~~~~~~~~~~~~~~~~~~~
    Error occurs in the template of component MasterDataComponent.


Error: src/app/modules/administrator/master-data/master-data.component.html:281:40 - error NG8002: Can't bind to 
'ngModel' since it isn't a known property of 'select'.

281           <select class="form-control" [(ngModel)]="newAsset.category" 
(ngModelChange)="onAssetCategoryChange($event)" [disabled]="categoryDisabled">
                                           ~~~~~~~~~~~~~~~~~~~~~~~~~~~~~~~

  src/app/modules/administrator/master-data/master-data.component.ts:41:16
    41   templateUrl: './master-data.component.html',
                      ~~~~~~~~~~~~~~~~~~~~~~~~~~~~~~
    Error occurs in the template of component MasterDataComponent.


Error: src/app/modules/administrator/master-data/master-data.component.html:281:53 - error TS2322: Type 'Event' is not 
assignable to type 'string'.

281           <select class="form-control" [(ngModel)]="newAsset.category" 
(ngModelChange)="onAssetCategoryChange($event)" [disabled]="categoryDisabled">
                                                        ~~~~~~~~~~~~~~~~~~~~~~~~~

  src/app/modules/administrator/master-data/master-data.component.ts:41:16
    41   templateUrl: './master-data.component.html',
                      ~~~~~~~~~~~~~~~~~~~~~~~~~~~~~~
    Error occurs in the template of component MasterDataComponent.


Error: src/app/modules/administrator/master-data/master-data.component.html:281:111 - error TS2345: Argument of type 
'Event' is not assignable to parameter of type 'string'.

281           <select class="form-control" [(ngModel)]="newAsset.category" 
(ngModelChange)="onAssetCategoryChange($event)" [disabled]="categoryDisabled">
                                                                                                                  
~~~~~~

  src/app/modules/administrator/master-data/master-data.component.ts:41:16
    41   templateUrl: './master-data.component.html',
                      ~~~~~~~~~~~~~~~~~~~~~~~~~~~~~~
    Error occurs in the template of component MasterDataComponent.


Error: src/app/modules/administrator/master-data/master-data.component.html:294:51 - error NG8002: Can't bind to 
'ngModel' since it isn't a known property of 'input'.

294           <input type="text" class="form-control" [(ngModel)]="newAsset.name" 
(ngModelChange)="onAssetNameChange($event)" placeholder="Asset name">
                                                      ~~~~~~~~~~~~~~~~~~~~~~~~~~~

  src/app/modules/administrator/master-data/master-data.component.ts:41:16
    41   templateUrl: './master-data.component.html',
                      ~~~~~~~~~~~~~~~~~~~~~~~~~~~~~~
    Error occurs in the template of component MasterDataComponent.


Error: src/app/modules/administrator/master-data/master-data.component.html:294:64 - error TS2322: Type 'Event' is not 
assignable to type 'string'.

294           <input type="text" class="form-control" [(ngModel)]="newAsset.name" 
(ngModelChange)="onAssetNameChange($event)" placeholder="Asset name">
                                                                   ~~~~~~~~~~~~~~~~~~~~~

  src/app/modules/administrator/master-data/master-data.component.ts:41:16
    41   templateUrl: './master-data.component.html',
                      ~~~~~~~~~~~~~~~~~~~~~~~~~~~~~~
    Error occurs in the template of component MasterDataComponent.


Error: src/app/modules/administrator/master-data/master-data.component.html:294:114 - error TS2345: Argument of type 
'Event' is not assignable to parameter of type 'string'.

294           <input type="text" class="form-control" [(ngModel)]="newAsset.name" 
(ngModelChange)="onAssetNameChange($event)" placeholder="Asset name">
                                                                                                                     
~~~~~~

  src/app/modules/administrator/master-data/master-data.component.ts:41:16
    41   templateUrl: './master-data.component.html',
                      ~~~~~~~~~~~~~~~~~~~~~~~~~~~~~~
    Error occurs in the template of component MasterDataComponent.


Error: src/app/modules/administrator/master-data/master-data.component.html:300:51 - error NG8002: Can't bind to 
'ngModel' since it isn't a known property of 'input'.

300           <input type="text" class="form-control" [(ngModel)]="newAsset.serialNumber" placeholder="Serial number">
                                                      ~~~~~~~~~~~~~~~~~~~~~~~~~~~~~~~~~~~

  src/app/modules/administrator/master-data/master-data.component.ts:41:16
    41   templateUrl: './master-data.component.html',
                      ~~~~~~~~~~~~~~~~~~~~~~~~~~~~~~
    Error occurs in the template of component MasterDataComponent.


Error: src/app/modules/administrator/master-data/master-data.component.html:300:64 - error TS2322: Type 'Event' is not 
assignable to type 'string'.

300           <input type="text" class="form-control" [(ngModel)]="newAsset.serialNumber" placeholder="Serial number">
                                                                   ~~~~~~~~~~~~~~~~~~~~~~~~~~~~~

  src/app/modules/administrator/master-data/master-data.component.ts:41:16
    41   templateUrl: './master-data.component.html',
                      ~~~~~~~~~~~~~~~~~~~~~~~~~~~~~~
    Error occurs in the template of component MasterDataComponent.


Error: src/app/modules/administrator/master-data/master-data.component.html:306:51 - error NG8002: Can't bind to 
'ngModel' since it isn't a known property of 'input'.

306           <input type="date" class="form-control" [(ngModel)]="newAsset.purchaseDate">
                                                      ~~~~~~~~~~~~~~~~~~~~~~~~~~~~~~~~~~~

  src/app/modules/administrator/master-data/master-data.component.ts:41:16
    41   templateUrl: './master-data.component.html',
                      ~~~~~~~~~~~~~~~~~~~~~~~~~~~~~~
    Error occurs in the template of component MasterDataComponent.


Error: src/app/modules/administrator/master-data/master-data.component.html:306:64 - error TS2322: Type 'Event' is not 
assignable to type 'string'.

306           <input type="date" class="form-control" [(ngModel)]="newAsset.purchaseDate">
                                                                   ~~~~~~~~~~~~~~~~~~~~~~~
307           <div class="field-error" *ngIf="isFieldInvalid('purchaseDate')">Purchase date is required.</div>
    ~~~~

  src/app/modules/administrator/master-data/master-data.component.ts:41:16
    41   templateUrl: './master-data.component.html',
                      ~~~~~~~~~~~~~~~~~~~~~~~~~~~~~~
    Error occurs in the template of component MasterDataComponent.


Error: src/app/modules/administrator/master-data/master-data.component.html:312:51 - error NG8002: Can't bind to 
'ngModel' since it isn't a known property of 'input'.

312           <input type="date" class="form-control" [(ngModel)]="newAsset.warrantyExpiry">
                                                      ~~~~~~~~~~~~~~~~~~~~~~~~~~~~~~~~~~~~~

  src/app/modules/administrator/master-data/master-data.component.ts:41:16
    41   templateUrl: './master-data.component.html',
                      ~~~~~~~~~~~~~~~~~~~~~~~~~~~~~~
    Error occurs in the template of component MasterDataComponent.


Error: src/app/modules/administrator/master-data/master-data.component.html:312:64 - error TS2322: Type 'Event' is not 
assignable to type 'string'.

312           <input type="date" class="form-control" [(ngModel)]="newAsset.warrantyExpiry">
                                                                   ~~~~~~~~~~~~~~~~~~~~~~~~~
313           <div class="field-error" *ngIf="isFieldInvalid('warrantyExpiry')">Warranty expiry is required.</div>
    ~~~~

  src/app/modules/administrator/master-data/master-data.component.ts:41:16
    41   templateUrl: './master-data.component.html',
                      ~~~~~~~~~~~~~~~~~~~~~~~~~~~~~~
    Error occurs in the template of component MasterDataComponent.


Error: src/app/modules/administrator/master-data/master-data.component.html:337:49 - error NG8002: Can't bind to 
'ngModel' since it isn't a known property of 'input'.

337         <input type="text" class="form-control" [(ngModel)]="newTypeName" placeholder="Enter asset type name (e.g. 
Hardware)">
                                                    ~~~~~~~~~~~~~~~~~~~~~~~~~

  src/app/modules/administrator/master-data/master-data.component.ts:41:16
    41   templateUrl: './master-data.component.html',
                      ~~~~~~~~~~~~~~~~~~~~~~~~~~~~~~
    Error occurs in the template of component MasterDataComponent.


Error: src/app/modules/administrator/master-data/master-data.component.html:337:62 - error TS2322: Type 'Event' is not 
assignable to type 'string'.

337         <input type="text" class="form-control" [(ngModel)]="newTypeName" placeholder="Enter asset type name (e.g. 
Hardware)">
                                                                 ~~~~~~~~~~~~~~~~~~~

  src/app/modules/administrator/master-data/master-data.component.ts:41:16
    41   templateUrl: './master-data.component.html',
                      ~~~~~~~~~~~~~~~~~~~~~~~~~~~~~~
    Error occurs in the template of component MasterDataComponent.


Error: src/app/modules/administrator/master-data/master-data.component.html:360:38 - error NG8002: Can't bind to 
'ngModel' since it isn't a known property of 'select'.

360         <select class="form-control" [(ngModel)]="selectedTypeIdForSubCategory">
                                         ~~~~~~~~~~~~~~~~~~~~~~~~~~~~~~~~~~~~~~~~~~

  src/app/modules/administrator/master-data/master-data.component.ts:41:16
    41   templateUrl: './master-data.component.html',
                      ~~~~~~~~~~~~~~~~~~~~~~~~~~~~~~
    Error occurs in the template of component MasterDataComponent.


Error: src/app/modules/administrator/master-data/master-data.component.html:360:51 - error TS2322: Type 'Event' is not 
assignable to type 'string'.

360         <select class="form-control" [(ngModel)]="selectedTypeIdForSubCategory">
                                                      ~~~~~~~~~~~~~~~~~~~~~~~~~~~~~~
361           <option value="">Select Asset Type</option>
    ~~~~

  src/app/modules/administrator/master-data/master-data.component.ts:41:16
    41   templateUrl: './master-data.component.html',
                      ~~~~~~~~~~~~~~~~~~~~~~~~~~~~~~
    Error occurs in the template of component MasterDataComponent.


Error: src/app/modules/administrator/master-data/master-data.component.html:367:49 - error NG8002: Can't bind to 
'ngModel' since it isn't a known property of 'input'.

367         <input type="text" class="form-control" [(ngModel)]="newSubCategoryName" placeholder="Enter subcategory 
name (e.g. Laptops)">
                                                    ~~~~~~~~~~~~~~~~~~~~~~~~~~~~~~~~

  src/app/modules/administrator/master-data/master-data.component.ts:41:16
    41   templateUrl: './master-data.component.html',
                      ~~~~~~~~~~~~~~~~~~~~~~~~~~~~~~
    Error occurs in the template of component MasterDataComponent.


Error: src/app/modules/administrator/master-data/master-data.component.html:367:62 - error TS2322: Type 'Event' is not 
assignable to type 'string'.

367         <input type="text" class="form-control" [(ngModel)]="newSubCategoryName" placeholder="Enter subcategory 
name (e.g. Laptops)">
                                                                 ~~~~~~~~~~~~~~~~~~~~~~~~~~

  src/app/modules/administrator/master-data/master-data.component.ts:41:16
    41   templateUrl: './master-data.component.html',
                      ~~~~~~~~~~~~~~~~~~~~~~~~~~~~~~
    Error occurs in the template of component MasterDataComponent.


Error: src/app/modules/administrator/master-data/master-data.component.html:384:105 - error TS2531: Object is possibly 
'null'.

384          <div class="detail-type-icon" [style.background-color]="getAssetTypeColor(selectedSubForDetail.type)">
                                                                                                            ~~~~

  src/app/modules/administrator/master-data/master-data.component.ts:41:16
    41   templateUrl: './master-data.component.html',
                      ~~~~~~~~~~~~~~~~~~~~~~~~~~~~~~
    Error occurs in the template of component MasterDataComponent.


Error: src/app/modules/administrator/master-data/master-data.component.html:385:86 - error TS2531: Object is possibly 
'null'.

385             <span class="material-icons-outlined text-white">{{ selectedSubForDetail.icon }}</span>
                                                                                         ~~~~

  src/app/modules/administrator/master-data/master-data.component.ts:41:16
    41   templateUrl: './master-data.component.html',
                      ~~~~~~~~~~~~~~~~~~~~~~~~~~~~~~
    Error occurs in the template of component MasterDataComponent.


Error: src/app/modules/administrator/master-data/master-data.component.html:388:53 - error TS2531: Object is possibly 
'null'.

388             <h3 class="m-0">{{ selectedSubForDetail.name }}</h3>
                                                        ~~~~

  src/app/modules/administrator/master-data/master-data.component.ts:41:16
    41   templateUrl: './master-data.component.html',
                      ~~~~~~~~~~~~~~~~~~~~~~~~~~~~~~
    Error occurs in the template of component MasterDataComponent.


Error: src/app/modules/administrator/master-data/master-data.component.html:416:39 - error NG8002: Can't bind to 
'ngClass' since it isn't a known property of 'span'.

416               <td><span class="badge" [ngClass]="getStatusBadgeClass(asset.status)">{{ 
formatAssetStatus(asset.status) }}</span></td>
                                          ~~~~~~~~~~~~~~~~~~~~~~~~~~~~~~~~~~~~~~~~~~~~~

  src/app/modules/administrator/master-data/master-data.component.ts:41:16
    41   templateUrl: './master-data.component.html',
                      ~~~~~~~~~~~~~~~~~~~~~~~~~~~~~~
    Error occurs in the template of component MasterDataComponent.


Error: src/app/modules/administrator/master-data/master-data.component.html:424:162 - error TS2531: Object is possibly 
'null'.

424                 <span style="font-family: 'Inter', sans-serif; font-weight: 500; color: #334155; font-size: 
0.875rem;" [class.text-danger]="selectedSubForDetail.warrantyHealth < 100">
                                                                                                                       
                                              ~~~~~~~~~~~~~~

  src/app/modules/administrator/master-data/master-data.component.ts:41:16
    41   templateUrl: './master-data.component.html',
                      ~~~~~~~~~~~~~~~~~~~~~~~~~~~~~~
    Error occurs in the template of component MasterDataComponent.


Error: src/app/modules/administrator/master-data/master-data.component.html:425:46 - error NG8004: No pipe found with 
name 'date'.

425                    {{ asset.warrantyExpiry | date:'mediumDate' }}
                                                 ~~~~

  src/app/modules/administrator/master-data/master-data.component.ts:41:16
    41   templateUrl: './master-data.component.html',
                      ~~~~~~~~~~~~~~~~~~~~~~~~~~~~~~
    Error occurs in the template of component MasterDataComponent.


Error: src/app/modules/administrator/reports/reports.component.html:16:9 - error NG8001: 'mat-icon' is not a known 
element:
1. If 'mat-icon' is an Angular component, then verify that it is part of this module.
2. If 'mat-icon' is a Web Component then add 'CUSTOM_ELEMENTS_SCHEMA' to the '@NgModule.schemas' of this component to 
suppress this message.

16         <mat-icon>{{ report.icon }}</mat-icon>
           ~~~~~~~~~~

  src/app/modules/administrator/reports/reports.component.ts:16:16
    16   templateUrl: './reports.component.html',
                      ~~~~~~~~~~~~~~~~~~~~~~~~~~
    Error occurs in the template of component AdminReportsComponent.


Error: src/app/modules/administrator/reports/reports.component.html:22:7 - error NG8001: 'mat-icon' is not a known 
element:
1. If 'mat-icon' is an Angular component, then verify that it is part of this module.
2. If 'mat-icon' is a Web Component then add 'CUSTOM_ELEMENTS_SCHEMA' to the '@NgModule.schemas' of this component to 
suppress this message.

22       <mat-icon class="arrow">chevron_right</mat-icon>
         ~~~~~~~~~~~~~~~~~~~~~~~~

  src/app/modules/administrator/reports/reports.component.ts:16:16
    16   templateUrl: './reports.component.html',
                      ~~~~~~~~~~~~~~~~~~~~~~~~~~
    Error occurs in the template of component AdminReportsComponent.


Error: src/app/modules/administrator/reports/reports.component.html:34:9 - error NG8001: 'mat-icon' is not a known 
element:
1. If 'mat-icon' is an Angular component, then verify that it is part of this module.
2. If 'mat-icon' is a Web Component then add 'CUSTOM_ELEMENTS_SCHEMA' to the '@NgModule.schemas' of this component to 
suppress this message.

34         <mat-icon>download</mat-icon>
           ~~~~~~~~~~

  src/app/modules/administrator/reports/reports.component.ts:16:16
    16   templateUrl: './reports.component.html',
                      ~~~~~~~~~~~~~~~~~~~~~~~~~~
    Error occurs in the template of component AdminReportsComponent.


Error: src/app/modules/administrator/reports/reports.component.html:41:7 - error NG8001: 'mat-spinner' is not a known 
element:
1. If 'mat-spinner' is an Angular component, then verify that it is part of this module.
2. If 'mat-spinner' is a Web Component then add 'CUSTOM_ELEMENTS_SCHEMA' to the '@NgModule.schemas' of this component 
to suppress this message.

41       <mat-spinner diameter="40"></mat-spinner>
         ~~~~~~~~~~~~~~~~~~~~~~~~~~~

  src/app/modules/administrator/reports/reports.component.ts:16:16
    16   templateUrl: './reports.component.html',
                      ~~~~~~~~~~~~~~~~~~~~~~~~~~
    Error occurs in the template of component AdminReportsComponent.


Error: src/app/modules/administrator/reports/reports.component.html:65:7 - error NG8001: 'mat-icon' is not a known 
element:
1. If 'mat-icon' is an Angular component, then verify that it is part of this module.
2. If 'mat-icon' is a Web Component then add 'CUSTOM_ELEMENTS_SCHEMA' to the '@NgModule.schemas' of this component to 
suppress this message.

65       <mat-icon>search_off</mat-icon>
         ~~~~~~~~~~

  src/app/modules/administrator/reports/reports.component.ts:16:16
    16   templateUrl: './reports.component.html',
                      ~~~~~~~~~~~~~~~~~~~~~~~~~~
    Error occurs in the template of component AdminReportsComponent.


Error: src/app/modules/administrator/user-management/user-management.component.html:47:9 - error NG8002: Can't bind to 
'ngModel' since it isn't a known property of 'input'.

47         [(ngModel)]="searchTerm"
           ~~~~~~~~~~~~~~~~~~~~~~~~

  src/app/modules/administrator/user-management/user-management.component.ts:12:16
    12   templateUrl: './user-management.component.html',
                      ~~~~~~~~~~~~~~~~~~~~~~~~~~~~~~~~~~
    Error occurs in the template of component UserManagementComponent.


Error: src/app/modules/administrator/user-management/user-management.component.html:47:22 - error TS2322: Type 'Event' 
is not assignable to type 'string'.

47         [(ngModel)]="searchTerm"
                        ~~~~~~~~~~~
48         (ngModelChange)="onSearchTermChange()"
   ~~~~~

  src/app/modules/administrator/user-management/user-management.component.ts:12:16
    12   templateUrl: './user-management.component.html',
                      ~~~~~~~~~~~~~~~~~~~~~~~~~~~~~~~~~~
    Error occurs in the template of component UserManagementComponent.


Error: src/app/modules/administrator/user-management/user-management.component.html:52:76 - error NG8002: Can't bind 
to 'ngModel' since it isn't a known property of 'select'.

52     <select *ngIf="activeTab === 'users'" class="form-control user-filter" [(ngModel)]="selectedRole" 
(ngModelChange)="filterUsers()">
                                                                              ~~~~~~~~~~~~~~~~~~~~~~~~~~

  src/app/modules/administrator/user-management/user-management.component.ts:12:16
    12   templateUrl: './user-management.component.html',
                      ~~~~~~~~~~~~~~~~~~~~~~~~~~~~~~~~~~
    Error occurs in the template of component UserManagementComponent.


Error: src/app/modules/administrator/user-management/user-management.component.html:52:89 - error TS2322: Type 'Event' 
is not assignable to type 'string'.

52     <select *ngIf="activeTab === 'users'" class="form-control user-filter" [(ngModel)]="selectedRole" 
(ngModelChange)="filterUsers()">
                                                                                           ~~~~~~~~~~~~~~~~~~~~

  src/app/modules/administrator/user-management/user-management.component.ts:12:16
    12   templateUrl: './user-management.component.html',
                      ~~~~~~~~~~~~~~~~~~~~~~~~~~~~~~~~~~
    Error occurs in the template of component UserManagementComponent.


Error: src/app/modules/administrator/user-management/user-management.component.html:91:39 - error NG8002: Can't bind 
to 'ngClass' since it isn't a known property of 'span'.

91                   <span class="badge" [ngClass]="getRoleBadgeClass(user.role)">{{ user.role }}</span>
                                         ~~~~~~~~~~~~~~~~~~~~~~~~~~~~~~~~~~~~~~~~

  src/app/modules/administrator/user-management/user-management.component.ts:12:16
    12   templateUrl: './user-management.component.html',
                      ~~~~~~~~~~~~~~~~~~~~~~~~~~~~~~~~~~
    Error occurs in the template of component UserManagementComponent.


Error: src/app/modules/administrator/user-management/user-management.component.html:94:39 - error NG8002: Can't bind 
to 'ngClass' since it isn't a known property of 'span'.

94                   <span class="badge" [ngClass]="user.isActive ? 'badge-green' : 'badge-default'">
                                         ~~~~~~~~~~~~~~~~~~~~~~~~~~~~~~~~~~~~~~~~~~~~~~~~~~~~~~~~~~~

  src/app/modules/administrator/user-management/user-management.component.ts:12:16
    12   templateUrl: './user-management.component.html',
                      ~~~~~~~~~~~~~~~~~~~~~~~~~~~~~~~~~~
    Error occurs in the template of component UserManagementComponent.


Error: src/app/modules/administrator/user-management/user-management.component.html:174:41 - error NG8002: Can't bind 
to 'ngClass' since it isn't a known property of 'span'.

174                 <td><span class="badge" [ngClass]="role.isActive ? 'badge-green' : 'badge-default'">
                                            ~~~~~~~~~~~~~~~~~~~~~~~~~~~~~~~~~~~~~~~~~~~~~~~~~~~~~~~~~~~

  src/app/modules/administrator/user-management/user-management.component.ts:12:16
    12   templateUrl: './user-management.component.html',
                      ~~~~~~~~~~~~~~~~~~~~~~~~~~~~~~~~~~
    Error occurs in the template of component UserManagementComponent.


Error: src/app/modules/administrator/user-management/user-management.component.html:207:41 - error NG8002: Can't bind 
to 'ngClass' since it isn't a known property of 'span'.

207                 <td><span class="badge" [ngClass]="project.status === 'Active' ? 'badge-green' : 'badge-default'">
                                            ~~~~~~~~~~~~~~~~~~~~~~~~~~~~~~~~~~~~~~~~~~~~~~~~~~~~~~~~~~~~~~~~~~~~~~~~~

  src/app/modules/administrator/user-management/user-management.component.ts:12:16
    12   templateUrl: './user-management.component.html',
                      ~~~~~~~~~~~~~~~~~~~~~~~~~~~~~~~~~~
    Error occurs in the template of component UserManagementComponent.


Error: src/app/modules/administrator/user-management/user-management.component.html:266:43 - error NG8004: No pipe 
found with name 'date'.

266                 <td>{{ a.allocationDate | date }}</td>
                                              ~~~~

  src/app/modules/administrator/user-management/user-management.component.ts:12:16
    12   templateUrl: './user-management.component.html',
                      ~~~~~~~~~~~~~~~~~~~~~~~~~~~~~~~~~~
    Error occurs in the template of component UserManagementComponent.


Error: src/app/modules/administrator/user-management/user-management.component.html:267:41 - error NG8002: Can't bind 
to 'ngClass' since it isn't a known property of 'span'.

267                 <td><span class="badge" [ngClass]="a.status === 'Active' ? 'badge-green' : (a.status === 
'Returned' ? 'badge-blue' : 'badge-amber')">
                                            
~~~~~~~~~~~~~~~~~~~~~~~~~~~~~~~~~~~~~~~~~~~~~~~~~~~~~~~~~~~~~~~~~~~~~~~~~~~~~~~~~~~~~~~~~~~~~~~~~~~~~~~~~~~~

  src/app/modules/administrator/user-management/user-management.component.ts:12:16
    12   templateUrl: './user-management.component.html',
                      ~~~~~~~~~~~~~~~~~~~~~~~~~~~~~~~~~~
    Error occurs in the template of component UserManagementComponent.


Error: src/app/modules/administrator/user-management/user-management.component.html:292:103 - error TS2531: Object is 
possibly 'null'.

292         <div class="avatar-circle" style="width: 42px; height: 42px; font-size: 16px;">{{ 
editingUser.name.charAt(0) }}</div>
                                                                                                          ~~~~

  src/app/modules/administrator/user-management/user-management.component.ts:12:16
    12   templateUrl: './user-management.component.html',
                      ~~~~~~~~~~~~~~~~~~~~~~~~~~~~~~~~~~
    Error occurs in the template of component UserManagementComponent.


Error: src/app/modules/administrator/user-management/user-management.component.html:294:74 - error TS2531: Object is 
possibly 'null'.

294           <div style="font-weight: 700; font-size: 15px;">{{ editingUser.name }}</div>
                                                                             ~~~~

  src/app/modules/administrator/user-management/user-management.component.ts:12:16
    12   templateUrl: './user-management.component.html',
                      ~~~~~~~~~~~~~~~~~~~~~~~~~~~~~~~~~~
    Error occurs in the template of component UserManagementComponent.


Error: src/app/modules/administrator/user-management/user-management.component.html:295:107 - error TS2531: Object is 
possibly 'null'.

295           <div style="font-size: 12px; color: var(--text-secondary); margin-top: 2px;">ID: {{ editingUser.id 
}}</div>
                                                                                                              ~~

  src/app/modules/administrator/user-management/user-management.component.ts:12:16
    12   templateUrl: './user-management.component.html',
                      ~~~~~~~~~~~~~~~~~~~~~~~~~~~~~~~~~~
    Error occurs in the template of component UserManagementComponent.


Error: src/app/modules/administrator/user-management/user-management.component.html:303:16 - error NG8002: Can't bind 
to 'ngModel' since it isn't a known property of 'input'.

303                [ngModel]="editUserForm.email"
                   ~~~~~~~~~~~~~~~~~~~~~~~~~~~~~~

  src/app/modules/administrator/user-management/user-management.component.ts:12:16
    12   templateUrl: './user-management.component.html',
                      ~~~~~~~~~~~~~~~~~~~~~~~~~~~~~~~~~~
    Error occurs in the template of component UserManagementComponent.


Error: src/app/modules/administrator/user-management/user-management.component.html:304:55 - error TS2345: Argument of 
type 'Event' is not assignable to parameter of type 'string'.

304                (ngModelChange)="onEditUserEmailChange($event)"
                                                          ~~~~~~

  src/app/modules/administrator/user-management/user-management.component.ts:12:16
    12   templateUrl: './user-management.component.html',
                      ~~~~~~~~~~~~~~~~~~~~~~~~~~~~~~~~~~
    Error occurs in the template of component UserManagementComponent.


Error: src/app/modules/administrator/user-management/user-management.component.html:313:17 - error NG8002: Can't bind 
to 'ngModel' since it isn't a known property of 'select'.

313                 [ngModel]="editUserForm.roleName"
                    ~~~~~~~~~~~~~~~~~~~~~~~~~~~~~~~~~

  src/app/modules/administrator/user-management/user-management.component.ts:12:16
    12   templateUrl: './user-management.component.html',
                      ~~~~~~~~~~~~~~~~~~~~~~~~~~~~~~~~~~
    Error occurs in the template of component UserManagementComponent.


Error: src/app/modules/administrator/user-management/user-management.component.html:314:55 - error TS2345: Argument of 
type 'Event' is not assignable to parameter of type 'string'.

314                 (ngModelChange)="onEditUserRoleChange($event)">
                                                          ~~~~~~

  src/app/modules/administrator/user-management/user-management.component.ts:12:16
    12   templateUrl: './user-management.component.html',
                      ~~~~~~~~~~~~~~~~~~~~~~~~~~~~~~~~~~
    Error occurs in the template of component UserManagementComponent.


Error: src/app/modules/administrator/user-management/user-management.component.html:323:38 - error NG8002: Can't bind 
to 'ngModel' since it isn't a known property of 'select'.

323         <select class="form-control" [(ngModel)]="editUserForm.projectId">
                                         ~~~~~~~~~~~~~~~~~~~~~~~~~~~~~~~~~~~~

  src/app/modules/administrator/user-management/user-management.component.ts:12:16
    12   templateUrl: './user-management.component.html',
                      ~~~~~~~~~~~~~~~~~~~~~~~~~~~~~~~~~~
    Error occurs in the template of component UserManagementComponent.


Error: src/app/modules/administrator/user-management/user-management.component.html:323:51 - error TS2322: Type 
'Event' is not assignable to type 'string'.

323         <select class="form-control" [(ngModel)]="editUserForm.projectId">
                                                      ~~~~~~~~~~~~~~~~~~~~~~~~
324           <option value="">Keep current / Select a project</option>
    ~~~~

  src/app/modules/administrator/user-management/user-management.component.ts:12:16
    12   templateUrl: './user-management.component.html',
                      ~~~~~~~~~~~~~~~~~~~~~~~~~~~~~~~~~~
    Error occurs in the template of component UserManagementComponent.


Error: src/app/modules/administrator/user-management/user-management.component.html:332:38 - error NG8002: Can't bind 
to 'ngModel' since it isn't a known property of 'select'.

332         <select class="form-control" [(ngModel)]="editUserForm.assetTypeId">
                                         ~~~~~~~~~~~~~~~~~~~~~~~~~~~~~~~~~~~~~~

  src/app/modules/administrator/user-management/user-management.component.ts:12:16
    12   templateUrl: './user-management.component.html',
                      ~~~~~~~~~~~~~~~~~~~~~~~~~~~~~~~~~~
    Error occurs in the template of component UserManagementComponent.


Error: src/app/modules/administrator/user-management/user-management.component.html:332:51 - error TS2322: Type 
'Event' is not assignable to type 'string'.

332         <select class="form-control" [(ngModel)]="editUserForm.assetTypeId">
                                                      ~~~~~~~~~~~~~~~~~~~~~~~~~~
333           <option value="">Keep current / Select an asset type</option>
    ~~~~

  src/app/modules/administrator/user-management/user-management.component.ts:12:16
    12   templateUrl: './user-management.component.html',
                      ~~~~~~~~~~~~~~~~~~~~~~~~~~~~~~~~~~
    Error occurs in the template of component UserManagementComponent.


Error: src/app/modules/administrator/user-management/user-management.component.html:394:68 - error TS2531: Object is 
possibly 'null'.

394       <p>Are you sure you want to mark <strong>{{ userToDeactivate.name }}</strong> as {{ 
userToDeactivate.isActive ? 'inactive' : 'active' }}?</p>
                                                                       ~~~~

  src/app/modules/administrator/user-management/user-management.component.ts:12:16
    12   templateUrl: './user-management.component.html',
                      ~~~~~~~~~~~~~~~~~~~~~~~~~~~~~~~~~~
    Error occurs in the template of component UserManagementComponent.


Error: src/app/modules/administrator/user-management/user-management.component.html:394:108 - error TS2531: Object is 
possibly 'null'.

394       <p>Are you sure you want to mark <strong>{{ userToDeactivate.name }}</strong> as {{ 
userToDeactivate.isActive ? 'inactive' : 'active' }}?</p>
                                                                                                               ~~~~~~~~

  src/app/modules/administrator/user-management/user-management.component.ts:12:16
    12   templateUrl: './user-management.component.html',
                      ~~~~~~~~~~~~~~~~~~~~~~~~~~~~~~~~~~
    Error occurs in the template of component UserManagementComponent.


Error: src/app/modules/administrator/user-management/user-management.component.html:396:29 - error TS2531: Object is 
possibly 'null'.

396         {{ userToDeactivate.isActive
                                ~~~~~~~~

  src/app/modules/administrator/user-management/user-management.component.ts:12:16
    12   templateUrl: './user-management.component.html',
                      ~~~~~~~~~~~~~~~~~~~~~~~~~~~~~~~~~~
    Error occurs in the template of component UserManagementComponent.


Error: src/app/modules/administrator/user-management/user-management.component.html:490:49 - error NG8002: Can't bind 
to 'ngModel' since it isn't a known property of 'input'.

490         <input type="text" class="form-control" [(ngModel)]="newUser.name" placeholder="Enter full name">
                                                    ~~~~~~~~~~~~~~~~~~~~~~~~~~

  src/app/modules/administrator/user-management/user-management.component.ts:12:16
    12   templateUrl: './user-management.component.html',
                      ~~~~~~~~~~~~~~~~~~~~~~~~~~~~~~~~~~
    Error occurs in the template of component UserManagementComponent.


Error: src/app/modules/administrator/user-management/user-management.component.html:490:62 - error TS2322: Type 
'Event' is not assignable to type 'string'.

490         <input type="text" class="form-control" [(ngModel)]="newUser.name" placeholder="Enter full name">
                                                                 ~~~~~~~~~~~~~~~~~~~~

  src/app/modules/administrator/user-management/user-management.component.ts:12:16
    12   templateUrl: './user-management.component.html',
                      ~~~~~~~~~~~~~~~~~~~~~~~~~~~~~~~~~~
    Error occurs in the template of component UserManagementComponent.


Error: src/app/modules/administrator/user-management/user-management.component.html:494:50 - error NG8002: Can't bind 
to 'ngModel' since it isn't a known property of 'input'.

494         <input type="email" class="form-control" [ngModel]="newUser.email" 
(ngModelChange)="onAddUserEmailChange($event)" placeholder="Enter email address">
                                                     ~~~~~~~~~~~~~~~~~~~~~~~~~

  src/app/modules/administrator/user-management/user-management.component.ts:12:16
    12   templateUrl: './user-management.component.html',
                      ~~~~~~~~~~~~~~~~~~~~~~~~~~~~~~~~~~
    Error occurs in the template of component UserManagementComponent.


Error: src/app/modules/administrator/user-management/user-management.component.html:494:114 - error TS2345: Argument 
of type 'Event' is not assignable to parameter of type 'string'.

494         <input type="email" class="form-control" [ngModel]="newUser.email" 
(ngModelChange)="onAddUserEmailChange($event)" placeholder="Enter email address">
                                                                                                                     
~~~~~~

  src/app/modules/administrator/user-management/user-management.component.ts:12:16
    12   templateUrl: './user-management.component.html',
                      ~~~~~~~~~~~~~~~~~~~~~~~~~~~~~~~~~~
    Error occurs in the template of component UserManagementComponent.


Error: src/app/modules/administrator/user-management/user-management.component.html:499:38 - error NG8002: Can't bind 
to 'ngModel' since it isn't a known property of 'select'.

499         <select class="form-control" [(ngModel)]="newUser.roleName" (ngModelChange)="onAddUserRoleChange($event)">
                                         ~~~~~~~~~~~~~~~~~~~~~~~~~~~~~~

  src/app/modules/administrator/user-management/user-management.component.ts:12:16
    12   templateUrl: './user-management.component.html',
                      ~~~~~~~~~~~~~~~~~~~~~~~~~~~~~~~~~~
    Error occurs in the template of component UserManagementComponent.


Error: src/app/modules/administrator/user-management/user-management.component.html:499:51 - error TS2322: Type 
'Event' is not assignable to type 'string'.

499         <select class="form-control" [(ngModel)]="newUser.roleName" (ngModelChange)="onAddUserRoleChange($event)">
                                                      ~~~~~~~~~~~~~~~~~~~~~~~~

  src/app/modules/administrator/user-management/user-management.component.ts:12:16
    12   templateUrl: './user-management.component.html',
                      ~~~~~~~~~~~~~~~~~~~~~~~~~~~~~~~~~~
    Error occurs in the template of component UserManagementComponent.


Error: src/app/modules/administrator/user-management/user-management.component.html:499:106 - error TS2345: Argument 
of type 'Event' is not assignable to parameter of type 'string'.

499         <select class="form-control" [(ngModel)]="newUser.roleName" (ngModelChange)="onAddUserRoleChange($event)">
                                                                                                             ~~~~~~

  src/app/modules/administrator/user-management/user-management.component.ts:12:16
    12   templateUrl: './user-management.component.html',
                      ~~~~~~~~~~~~~~~~~~~~~~~~~~~~~~~~~~
    Error occurs in the template of component UserManagementComponent.


Error: src/app/modules/administrator/user-management/user-management.component.html:506:38 - error NG8002: Can't bind 
to 'ngModel' since it isn't a known property of 'select'.

506         <select class="form-control" [(ngModel)]="newUser.projectId">
                                         ~~~~~~~~~~~~~~~~~~~~~~~~~~~~~~~

  src/app/modules/administrator/user-management/user-management.component.ts:12:16
    12   templateUrl: './user-management.component.html',
                      ~~~~~~~~~~~~~~~~~~~~~~~~~~~~~~~~~~
    Error occurs in the template of component UserManagementComponent.


Error: src/app/modules/administrator/user-management/user-management.component.html:506:51 - error TS2322: Type 
'Event' is not assignable to type 'string'.

506         <select class="form-control" [(ngModel)]="newUser.projectId">
                                                      ~~~~~~~~~~~~~~~~~~~
507           <option value="">Select a project</option>
    ~~~~

  src/app/modules/administrator/user-management/user-management.component.ts:12:16
    12   templateUrl: './user-management.component.html',
                      ~~~~~~~~~~~~~~~~~~~~~~~~~~~~~~~~~~
    Error occurs in the template of component UserManagementComponent.


Error: src/app/modules/administrator/user-management/user-management.component.html:516:38 - error NG8002: Can't bind 
to 'ngModel' since it isn't a known property of 'select'.

516         <select class="form-control" [(ngModel)]="newUser.assetTypeId">
                                         ~~~~~~~~~~~~~~~~~~~~~~~~~~~~~~~~~

  src/app/modules/administrator/user-management/user-management.component.ts:12:16
    12   templateUrl: './user-management.component.html',
                      ~~~~~~~~~~~~~~~~~~~~~~~~~~~~~~~~~~
    Error occurs in the template of component UserManagementComponent.


Error: src/app/modules/administrator/user-management/user-management.component.html:516:51 - error TS2322: Type 
'Event' is not assignable to type 'string'.

516         <select class="form-control" [(ngModel)]="newUser.assetTypeId">
                                                      ~~~~~~~~~~~~~~~~~~~~~
517           <option value="">Select an asset type</option>
    ~~~~

  src/app/modules/administrator/user-management/user-management.component.ts:12:16
    12   templateUrl: './user-management.component.html',
                      ~~~~~~~~~~~~~~~~~~~~~~~~~~~~~~~~~~
    Error occurs in the template of component UserManagementComponent.


Error: src/app/modules/administrator/user-management/user-management.component.html:558:49 - error NG8002: Can't bind 
to 'ngModel' since it isn't a known property of 'input'.

558         <input type="text" class="form-control" [(ngModel)]="newRole.name" placeholder="Enter role name">
                                                    ~~~~~~~~~~~~~~~~~~~~~~~~~~

  src/app/modules/administrator/user-management/user-management.component.ts:12:16
    12   templateUrl: './user-management.component.html',
                      ~~~~~~~~~~~~~~~~~~~~~~~~~~~~~~~~~~
    Error occurs in the template of component UserManagementComponent.


Error: src/app/modules/administrator/user-management/user-management.component.html:558:62 - error TS2322: Type 
'Event' is not assignable to type 'string'.

558         <input type="text" class="form-control" [(ngModel)]="newRole.name" placeholder="Enter role name">
                                                                 ~~~~~~~~~~~~~~~~~~~~

  src/app/modules/administrator/user-management/user-management.component.ts:12:16
    12   templateUrl: './user-management.component.html',
                      ~~~~~~~~~~~~~~~~~~~~~~~~~~~~~~~~~~
    Error occurs in the template of component UserManagementComponent.


Error: src/app/modules/administrator/user-management/user-management.component.html:562:49 - error NG8002: Can't bind 
to 'ngModel' since it isn't a known property of 'input'.

562         <input type="text" class="form-control" [(ngModel)]="newRole.code" placeholder="Enter role code (e.g., 
ADMIN)">
                                                    ~~~~~~~~~~~~~~~~~~~~~~~~~~

  src/app/modules/administrator/user-management/user-management.component.ts:12:16
    12   templateUrl: './user-management.component.html',
                      ~~~~~~~~~~~~~~~~~~~~~~~~~~~~~~~~~~
    Error occurs in the template of component UserManagementComponent.


Error: src/app/modules/administrator/user-management/user-management.component.html:562:62 - error TS2322: Type 
'Event' is not assignable to type 'string'.

562         <input type="text" class="form-control" [(ngModel)]="newRole.code" placeholder="Enter role code (e.g., 
ADMIN)">
                                                                 ~~~~~~~~~~~~~~~~~~~~

  src/app/modules/administrator/user-management/user-management.component.ts:12:16
    12   templateUrl: './user-management.component.html',
                      ~~~~~~~~~~~~~~~~~~~~~~~~~~~~~~~~~~
    Error occurs in the template of component UserManagementComponent.


Error: src/app/modules/administrator/user-management/user-management.component.html:566:40 - error NG8002: Can't bind 
to 'ngModel' since it isn't a known property of 'textarea'.

566         <textarea class="form-control" [(ngModel)]="newRole.description" placeholder="Role description and 
permissions" rows="3"></textarea>
                                           ~~~~~~~~~~~~~~~~~~~~~~~~~~~~~~~~~

  src/app/modules/administrator/user-management/user-management.component.ts:12:16
    12   templateUrl: './user-management.component.html',
                      ~~~~~~~~~~~~~~~~~~~~~~~~~~~~~~~~~~
    Error occurs in the template of component UserManagementComponent.


Error: src/app/modules/administrator/user-management/user-management.component.html:566:53 - error TS2322: Type 
'Event' is not assignable to type 'string'.

566         <textarea class="form-control" [(ngModel)]="newRole.description" placeholder="Role description and 
permissions" rows="3"></textarea>
                                                        ~~~~~~~~~~~~~~~~~~~~~~~~~~~

  src/app/modules/administrator/user-management/user-management.component.ts:12:16
    12   templateUrl: './user-management.component.html',
                      ~~~~~~~~~~~~~~~~~~~~~~~~~~~~~~~~~~
    Error occurs in the template of component UserManagementComponent.


Error: src/app/modules/administrator/user-management/user-management.component.html:588:49 - error NG8002: Can't bind 
to 'ngModel' since it isn't a known property of 'input'.

588         <input type="text" class="form-control" [(ngModel)]="newProject.name" (ngModelChange)="addProjectError = 
''" placeholder="Enter project name">
                                                    ~~~~~~~~~~~~~~~~~~~~~~~~~~~~~

  src/app/modules/administrator/user-management/user-management.component.ts:12:16
    12   templateUrl: './user-management.component.html',
                      ~~~~~~~~~~~~~~~~~~~~~~~~~~~~~~~~~~
    Error occurs in the template of component UserManagementComponent.


Error: src/app/modules/administrator/user-management/user-management.component.html:588:62 - error TS2322: Type 
'Event' is not assignable to type 'string'.

588         <input type="text" class="form-control" [(ngModel)]="newProject.name" (ngModelChange)="addProjectError = 
''" placeholder="Enter project name">
                                                                 ~~~~~~~~~~~~~~~~~~~~~~~

  src/app/modules/administrator/user-management/user-management.component.ts:12:16
    12   templateUrl: './user-management.component.html',
                      ~~~~~~~~~~~~~~~~~~~~~~~~~~~~~~~~~~
    Error occurs in the template of component UserManagementComponent.


Error: src/app/modules/administrator/user-management/user-management.component.html:613:38 - error NG8002: Can't bind 
to 'ngModel' since it isn't a known property of 'select'.

613         <select class="form-control" [(ngModel)]="newAllocation.userId">
                                         ~~~~~~~~~~~~~~~~~~~~~~~~~~~~~~~~~~

  src/app/modules/administrator/user-management/user-management.component.ts:12:16
    12   templateUrl: './user-management.component.html',
                      ~~~~~~~~~~~~~~~~~~~~~~~~~~~~~~~~~~
    Error occurs in the template of component UserManagementComponent.


Error: src/app/modules/administrator/user-management/user-management.component.html:613:51 - error TS2322: Type 
'Event' is not assignable to type 'string'.

613         <select class="form-control" [(ngModel)]="newAllocation.userId">
                                                      ~~~~~~~~~~~~~~~~~~~~~~
614           <option value="">Select a user...</option>
    ~~~~

  src/app/modules/administrator/user-management/user-management.component.ts:12:16
    12   templateUrl: './user-management.component.html',
                      ~~~~~~~~~~~~~~~~~~~~~~~~~~~~~~~~~~
    Error occurs in the template of component UserManagementComponent.


Error: src/app/modules/administrator/user-management/user-management.component.html:620:38 - error NG8002: Can't bind 
to 'ngModel' since it isn't a known property of 'select'.

620         <select class="form-control" [(ngModel)]="newAllocation.assetId">
                                         ~~~~~~~~~~~~~~~~~~~~~~~~~~~~~~~~~~~

  src/app/modules/administrator/user-management/user-management.component.ts:12:16
    12   templateUrl: './user-management.component.html',
                      ~~~~~~~~~~~~~~~~~~~~~~~~~~~~~~~~~~
    Error occurs in the template of component UserManagementComponent.


Error: src/app/modules/administrator/user-management/user-management.component.html:620:51 - error TS2322: Type 
'Event' is not assignable to type 'string'.

620         <select class="form-control" [(ngModel)]="newAllocation.assetId">
                                                      ~~~~~~~~~~~~~~~~~~~~~~~
621           <option value="">Select an asset...</option>
    ~~~~

  src/app/modules/administrator/user-management/user-management.component.ts:12:16
    12   templateUrl: './user-management.component.html',
                      ~~~~~~~~~~~~~~~~~~~~~~~~~~~~~~~~~~
    Error occurs in the template of component UserManagementComponent.


Error: src/app/modules/administrator/user-management/user-management.component.html:629:49 - error NG8002: Can't bind 
to 'ngModel' since it isn't a known property of 'input'.

629         <input type="text" class="form-control" [(ngModel)]="newAllocation.department" placeholder="Enter user 
department">
                                                    ~~~~~~~~~~~~~~~~~~~~~~~~~~~~~~~~~~~~~~

  src/app/modules/administrator/user-management/user-management.component.ts:12:16
    12   templateUrl: './user-management.component.html',
                      ~~~~~~~~~~~~~~~~~~~~~~~~~~~~~~~~~~
    Error occurs in the template of component UserManagementComponent.


Error: src/app/modules/administrator/user-management/user-management.component.html:629:62 - error TS2322: Type 
'Event' is not assignable to type 'string'.

629         <input type="text" class="form-control" [(ngModel)]="newAllocation.department" placeholder="Enter user 
department">
                                                                 ~~~~~~~~~~~~~~~~~~~~~~~~~~~~~~~~

  src/app/modules/administrator/user-management/user-management.component.ts:12:16
    12   templateUrl: './user-management.component.html',
                      ~~~~~~~~~~~~~~~~~~~~~~~~~~~~~~~~~~
    Error occurs in the template of component UserManagementComponent.


Error: src/app/modules/administrator/user-management/user-management.component.html:727:39 - error NG8002: Can't bind 
to 'ngClass' since it isn't a known property of 'span'.

727               <td><span class="badge" [ngClass]="getRoleBadgeClass(member.role)">{{ member.role }}</span></td>
                                          ~~~~~~~~~~~~~~~~~~~~~~~~~~~~~~~~~~~~~~~~~~

  src/app/modules/administrator/user-management/user-management.component.ts:12:16
    12   templateUrl: './user-management.component.html',
                      ~~~~~~~~~~~~~~~~~~~~~~~~~~~~~~~~~~
    Error occurs in the template of component UserManagementComponent.


Error: src/app/modules/administrator/user-management/user-management.component.html:729:37 - error NG8002: Can't bind 
to 'ngClass' since it isn't a known property of 'span'.

729                 <span class="badge" [ngClass]="member.isActive ? 'badge-green' : 'badge-default'">
                                        ~~~~~~~~~~~~~~~~~~~~~~~~~~~~~~~~~~~~~~~~~~~~~~~~~~~~~~~~~~~~~

  src/app/modules/administrator/user-management/user-management.component.ts:12:16
    12   templateUrl: './user-management.component.html',
                      ~~~~~~~~~~~~~~~~~~~~~~~~~~~~~~~~~~
    Error occurs in the template of component UserManagementComponent.


Error: src/app/modules/administrator/user-management/user-management.component.html:790:37 - error NG8002: Can't bind 
to 'ngClass' since it isn't a known property of 'span'.

790                 <span class="badge" [ngClass]="($any(member) && $any(member).isActive) ? 'badge-green' : 
'badge-default'">
                                        
~~~~~~~~~~~~~~~~~~~~~~~~~~~~~~~~~~~~~~~~~~~~~~~~~~~~~~~~~~~~~~~~~~~~~~~~~~~~~~~~~~~~~

  src/app/modules/administrator/user-management/user-management.component.ts:12:16
    12   templateUrl: './user-management.component.html',
                      ~~~~~~~~~~~~~~~~~~~~~~~~~~~~~~~~~~
    Error occurs in the template of component UserManagementComponent.



