node.exe : - Generating 
browser application 
bundles (phase: setup)...
At line:1 char:1
+ & "C:\Program 
Files\nodejs/node.exe" 
"C:\Program 
Files\nodejs/node_mo ...
+ ~~~~~~~~~~~~~~~~~~~~~~~~~
~~~~~~~~~~~~~~~~~~~~~~~~~~~
~~~~~~~~~~~~~~~~~
    + CategoryInfo         
     : NotSpecified: (- G  
  enerating br...hase: s   
 etup)...:String) [], R    
emoteException
    + FullyQualifiedErrorI 
   d : NativeCommandError
 
Γ£ö Browser application 
bundle generation complete.
Γ£ö Browser application 
bundle generation complete.

Warning: Γû▓ [WARNING] 
Comments in CSS use "/* 
... */" instead of "//" 
[js-comment-in-css]

    D:/AMS Final/src/app/sh
ared/components/header/head
er.component.scss:1:18:
      1 Γöé /******/ (() 
=> { // webpackBootstrap
        Γò╡                
   ~~



Warning: Γû▓ [WARNING] 
Comments in CSS use "/* 
... */" instead of "//" 
[js-comment-in-css]

    D:/AMS Final/src/app/sh
ared/components/sidebar/sid
ebar.component.scss:1:18:
      1 Γöé /******/ (() 
=> { // webpackBootstrap
        Γò╡                
   ~~



Warning: Γû▓ [WARNING] 
Unexpected "(" 
[css-syntax-error]

    D:/AMS Final/src/app/sh
ared/components/header/head
er.component.scss:1:9:
      1 Γöé /******/ (() 
=> { // webpackBootstrap
        Γò╡          ^



Warning: Γû▓ [WARNING] 
Unexpected "(" 
[css-syntax-error]

    D:/AMS Final/src/app/sh
ared/components/sidebar/sid
ebar.component.scss:1:9:
      1 Γöé /******/ (() 
=> { // webpackBootstrap
        Γò╡          ^





Error: Module not found: 
Error: Can't resolve 
'D:/AMS Final/src/app/share
d/components/header/header.
component.scss?ngResource' 
in 'D:\AMS Final'

Error: Module not found: 
Error: Can't resolve 
'D:/AMS Final/src/app/share
d/components/sidebar/sideba
r.component.scss?ngResource
' in 'D:\AMS Final'

Error: Can't resolve 
'src/styles.scss' in 
'D:\AMS Final'

Error: The loader "D:/AMS F
inal/src/app/shared/compone
nts/header/header.component
.scss" didn't return a 
string.

Error: The loader "D:/AMS F
inal/src/app/shared/compone
nts/sidebar/sidebar.compone
nt.scss" didn't return a 
string.


